PB p_type p_type /home/yukiimai/Sandbox/2015_winter/Carina/core/p_type.vhd sub00/vhpl01 1444627274
EN loader NULL /home/yukiimai/Sandbox/2015_winter/Carina/core/loader.vhd sub00/vhpl23 1444627279
EN bram_inst NULL /home/yukiimai/Sandbox/2015_winter/Carina/core/BRAM_INST_FOR_TEST.vhd sub00/vhpl02 1444627275
AR receiver rtl /home/yukiimai/Sandbox/2015_winter/Carina/core/IO_Unit/receiver.vhd sub00/vhpl14 1444627244
AR io_module rtl /home/yukiimai/Sandbox/2015_winter/Carina/core/IO_Unit/IO_module.vhd sub00/vhpl22 1444627258
AR bram_inst bram_inst_a /home/yukiimai/Sandbox/2015_winter/carina/ipcore_dir/BRAM_INST.vhd sub00/vhpl06 1444265781
AR fifo8 fifo8_a /home/yukiimai/Sandbox/2015_winter/Carina/core/ipcore_dir/fifo8.vhd sub00/vhpl12 1444627242
AR receiver_wrapper rtl /home/yukiimai/Sandbox/2015_winter/Carina/core/IO_Unit/receiver_wrapper.vhd sub00/vhpl20 1444627256
EN cpu NULL /home/yukiimai/Sandbox/2015_winter/Carina/core/cpu.vhd sub00/vhpl07 1444627281
PH p_type NULL /home/yukiimai/Sandbox/2015_winter/Carina/core/p_type.vhd sub00/vhpl00 1444627273
AR sender rtl /home/yukiimai/Sandbox/2015_winter/Carina/core/IO_Unit/sender.vhd sub00/vhpl16 1444627246
AR bram_inst pohe /home/yukiimai/Sandbox/2015_winter/Carina/core/BRAM_INST_FOR_TEST.vhd sub00/vhpl03 1444627276
EN receiver_wrapper NULL /home/yukiimai/Sandbox/2015_winter/Carina/core/IO_Unit/receiver_wrapper.vhd sub00/vhpl19 1444627255
EN top NULL /home/yukiimai/Sandbox/2015_winter/Carina/core/Carina.vhd sub00/vhpl04 1444627283
AR top rtl /home/yukiimai/Sandbox/2015_winter/Carina/core/Carina.vhd sub00/vhpl05 1444627284
EN sender NULL /home/yukiimai/Sandbox/2015_winter/Carina/core/IO_Unit/sender.vhd sub00/vhpl15 1444627245
AR cpu rtl /home/yukiimai/Sandbox/2015_winter/Carina/core/cpu.vhd sub00/vhpl08 1444627282
EN fifo8 NULL /home/yukiimai/Sandbox/2015_winter/Carina/core/ipcore_dir/fifo8.vhd sub00/vhpl11 1444627241
AR sender_wrapper rtl /home/yukiimai/Sandbox/2015_winter/Carina/core/IO_Unit/sender_wrapper.vhd sub00/vhpl18 1444627254
EN receiver NULL /home/yukiimai/Sandbox/2015_winter/Carina/core/IO_Unit/receiver.vhd sub00/vhpl13 1444627243
AR loader kaisensionoodle /home/yukiimai/Sandbox/2015_winter/Carina/core/loader.vhd sub00/vhpl24 1444627280
EN io_module NULL /home/yukiimai/Sandbox/2015_winter/Carina/core/IO_Unit/IO_module.vhd sub00/vhpl21 1444627257
EN sender_wrapper NULL /home/yukiimai/Sandbox/2015_winter/Carina/core/IO_Unit/sender_wrapper.vhd sub00/vhpl17 1444627253
AR alu pohe /home/yukiimai/Sandbox/2015_winter/Carina/core/alu.vhd sub00/vhpl10 1444627278
EN alu NULL /home/yukiimai/Sandbox/2015_winter/Carina/core/alu.vhd sub00/vhpl09 1444627277
