V3 56
FL /home/yukiimai/Sandbox/2015_winter/carina/BRAM_INST_FOR_TEST.vhd 2015/10/08.10:10:24 P.49d
FL /home/yukiimai/Sandbox/2015_winter/carina/Carina.vhd 2015/10/07.00:35:51 P.49d
FL /home/yukiimai/Sandbox/2015_winter/Carina/core/alu.vhd 2015/10/09.10:09:44 P.49d
EN work/alu 1444627277 FL /home/yukiimai/Sandbox/2015_winter/Carina/core/alu.vhd \
      PB ieee/std_logic_1164 1354696159 PB ieee/STD_LOGIC_UNSIGNED 1354696162 \
      PB ieee/std_logic_arith 1354696160 LB UNISIM PH unisim/VCOMPONENTS 1354696165 \
      PB work/p_type 1444627274
AR work/alu/pohe 1444627278 \
      FL /home/yukiimai/Sandbox/2015_winter/Carina/core/alu.vhd EN work/alu 1444627277
FL /home/yukiimai/Sandbox/2015_winter/Carina/core/BRAM_INST_FOR_TEST.vhd 2015/10/08.10:10:24 P.49d
EN work/BRAM_INST 1444627275 \
      FL /home/yukiimai/Sandbox/2015_winter/Carina/core/BRAM_INST_FOR_TEST.vhd \
      PB ieee/std_logic_1164 1354696159 PB ieee/STD_LOGIC_UNSIGNED 1354696162 \
      PB work/p_type 1444627274
AR work/BRAM_INST/pohe 1444627276 \
      FL /home/yukiimai/Sandbox/2015_winter/Carina/core/BRAM_INST_FOR_TEST.vhd \
      EN work/BRAM_INST 1444627275
FL /home/yukiimai/Sandbox/2015_winter/Carina/core/Carina.vhd 2015/10/12.14:21:07 P.49d
EN work/top 1444627283 \
      FL /home/yukiimai/Sandbox/2015_winter/Carina/core/Carina.vhd \
      PB ieee/std_logic_1164 1354696159 PB ieee/STD_LOGIC_UNSIGNED 1354696162 \
      LB UNISIM PH unisim/VCOMPONENTS 1354696165 PB work/p_type 1444627274
AR work/top/RTL 1444627284 \
      FL /home/yukiimai/Sandbox/2015_winter/Carina/core/Carina.vhd EN work/top 1444627283 \
      CP IBUFG CP BUFG CP IO32 CP CPU
FL /home/yukiimai/Sandbox/2015_winter/Carina/core/cpu.vhd 2015/10/12.14:19:00 P.49d
EN work/cpu 1444627281 FL /home/yukiimai/Sandbox/2015_winter/Carina/core/cpu.vhd \
      PB ieee/std_logic_1164 1354696159 PB ieee/STD_LOGIC_UNSIGNED 1354696162 \
      PB ieee/std_logic_arith 1354696160 LB UNISIM PH unisim/VCOMPONENTS 1354696165 \
      PB work/p_type 1444627274
AR work/cpu/RTL 1444627282 \
      FL /home/yukiimai/Sandbox/2015_winter/Carina/core/cpu.vhd EN work/cpu 1444627281 \
      CP BRAM_INST CP alu CP loader
FL /home/yukiimai/Sandbox/2015_winter/Carina/core/IO_Unit/IO_module.vhd 2015/08/18.13:06:56 P.49d
EN work/IO_module 1444627257 \
      FL /home/yukiimai/Sandbox/2015_winter/Carina/core/IO_Unit/IO_module.vhd \
      PB ieee/std_logic_1164 1354696159 PB ieee/STD_LOGIC_UNSIGNED 1354696162
AR work/IO_module/RTL 1444627258 \
      FL /home/yukiimai/Sandbox/2015_winter/Carina/core/IO_Unit/IO_module.vhd \
      EN work/IO_module 1444627257 CP sender_wrapper CP receiver_wrapper
FL /home/yukiimai/Sandbox/2015_winter/Carina/core/IO_Unit/receiver.vhd 2015/08/18.10:20:16 P.49d
EN work/receiver 1444627243 \
      FL /home/yukiimai/Sandbox/2015_winter/Carina/core/IO_Unit/receiver.vhd \
      PB ieee/std_logic_1164 1354696159 PB ieee/STD_LOGIC_UNSIGNED 1354696162
AR work/receiver/RTL 1444627244 \
      FL /home/yukiimai/Sandbox/2015_winter/Carina/core/IO_Unit/receiver.vhd \
      EN work/receiver 1444627243
FL /home/yukiimai/Sandbox/2015_winter/Carina/core/IO_Unit/receiver_wrapper.vhd 2015/08/14.20:36:50 P.49d
EN work/receiver_wrapper 1444627255 \
      FL /home/yukiimai/Sandbox/2015_winter/Carina/core/IO_Unit/receiver_wrapper.vhd \
      PB ieee/std_logic_1164 1354696159 PB ieee/STD_LOGIC_UNSIGNED 1354696162
AR work/receiver_wrapper/RTL 1444627256 \
      FL /home/yukiimai/Sandbox/2015_winter/Carina/core/IO_Unit/receiver_wrapper.vhd \
      EN work/receiver_wrapper 1444627255 CP fifo8 CP receiver
FL /home/yukiimai/Sandbox/2015_winter/Carina/core/IO_Unit/sender.vhd 2015/08/13.17:08:21 P.49d
EN work/sender 1444627245 \
      FL /home/yukiimai/Sandbox/2015_winter/Carina/core/IO_Unit/sender.vhd \
      PB ieee/std_logic_1164 1354696159 PB ieee/STD_LOGIC_UNSIGNED 1354696162
AR work/sender/RTL 1444627246 \
      FL /home/yukiimai/Sandbox/2015_winter/Carina/core/IO_Unit/sender.vhd \
      EN work/sender 1444627245
FL /home/yukiimai/Sandbox/2015_winter/Carina/core/IO_Unit/sender_wrapper.vhd 2015/08/14.20:48:20 P.49d
EN work/sender_wrapper 1444627253 \
      FL /home/yukiimai/Sandbox/2015_winter/Carina/core/IO_Unit/sender_wrapper.vhd \
      PB ieee/std_logic_1164 1354696159 PB ieee/STD_LOGIC_UNSIGNED 1354696162
AR work/sender_wrapper/RTL 1444627254 \
      FL /home/yukiimai/Sandbox/2015_winter/Carina/core/IO_Unit/sender_wrapper.vhd \
      EN work/sender_wrapper 1444627253 CP fifo8 CP sender
FL /home/yukiimai/Sandbox/2015_winter/Carina/core/ipcore_dir/fifo8.vhd 2015/10/09.14:46:10 P.49d
EN work/fifo8 1444627241 \
      FL /home/yukiimai/Sandbox/2015_winter/Carina/core/ipcore_dir/fifo8.vhd \
      PB ieee/std_logic_1164 1354696159
AR work/fifo8/fifo8_a 1444627242 \
      FL /home/yukiimai/Sandbox/2015_winter/Carina/core/ipcore_dir/fifo8.vhd \
      EN work/fifo8 1444627241
FL /home/yukiimai/Sandbox/2015_winter/Carina/core/loader.vhd 2015/10/12.14:14:20 P.49d
EN work/loader 1444627279 \
      FL /home/yukiimai/Sandbox/2015_winter/Carina/core/loader.vhd \
      PB ieee/std_logic_1164 1354696159 PB ieee/STD_LOGIC_UNSIGNED 1354696162 \
      PB ieee/std_logic_arith 1354696160 PB work/p_type 1444627274
AR work/loader/kaisensionoodle 1444627280 \
      FL /home/yukiimai/Sandbox/2015_winter/Carina/core/loader.vhd EN work/loader 1444627279
FL /home/yukiimai/Sandbox/2015_winter/Carina/core/p_type.vhd 2015/10/09.09:09:14 P.49d
PH work/p_type 1444627273 \
      FL /home/yukiimai/Sandbox/2015_winter/Carina/core/p_type.vhd \
      PB ieee/std_logic_1164 1354696159
PB work/p_type 1444627274 \
      FL /home/yukiimai/Sandbox/2015_winter/Carina/core/p_type.vhd PH work/p_type 1444627273
FL /home/yukiimai/Sandbox/2015_winter/carina/cpu.vhd 2015/10/07.15:26:45 P.49d
FL /home/yukiimai/Sandbox/2015_winter/carina/ipcore_dir/BRAM_INST.vhd 2015/10/07.13:30:10 P.49d
AR work/BRAM_INST/BRAM_INST_a -1 \
      FL /home/yukiimai/Sandbox/2015_winter/carina/ipcore_dir/BRAM_INST.vhd \
      EN work/BRAM_INST 1444627275
FL /home/yukiimai/Sandbox/2015_winter/carina/p_type.vhd 2015/10/07.12:51:22 P.49d
