V3 20
FL /home/yukiimai/Sandbox/2015_winter/carina/BRAM_INST_FOR_TEST.vhd 2015/10/08.10:10:24 P.49d
EN work/BRAM_INST 1444266631 \
      FL /home/yukiimai/Sandbox/2015_winter/carina/BRAM_INST_FOR_TEST.vhd \
      PB ieee/std_logic_1164 1354696159 PB ieee/STD_LOGIC_UNSIGNED 1354696162 \
      PB work/p_type 1444266630
AR work/BRAM_INST/pohe 1444266632 \
      FL /home/yukiimai/Sandbox/2015_winter/carina/BRAM_INST_FOR_TEST.vhd \
      EN work/BRAM_INST 1444266631
FL /home/yukiimai/Sandbox/2015_winter/carina/Carina.vhd 2015/10/07.00:35:51 P.49d
EN work/top 1444145763 FL /home/yukiimai/Sandbox/2015_winter/carina/Carina.vhd \
      PB ieee/std_logic_1164 1354696159 PB ieee/STD_LOGIC_UNSIGNED 1354696162 \
      LB UNISIM PH unisim/VCOMPONENTS 1354696165 PB work/p_type 1444266630
AR work/top/RTL 1444145764 \
      FL /home/yukiimai/Sandbox/2015_winter/carina/Carina.vhd EN work/top 1444145763 \
      CP IBUFG CP BUFG CP IO_module CP CPU
FL /home/yukiimai/Sandbox/2015_winter/carina/cpu.vhd 2015/10/07.15:26:45 P.49d
EN work/cpu 1444266633 FL /home/yukiimai/Sandbox/2015_winter/carina/cpu.vhd \
      PB ieee/std_logic_1164 1354696159 PB ieee/STD_LOGIC_UNSIGNED 1354696162 \
      PB ieee/std_logic_arith 1354696160 LB UNISIM PH unisim/VCOMPONENTS 1354696165 \
      PB work/p_type 1444266630
AR work/cpu/RTL 1444266634 \
      FL /home/yukiimai/Sandbox/2015_winter/carina/cpu.vhd EN work/cpu 1444266633 \
      CP BRAM_INST
FL /home/yukiimai/Sandbox/2015_winter/carina/ipcore_dir/BRAM_INST.vhd 2015/10/07.13:30:10 P.49d
AR work/BRAM_INST/BRAM_INST_a -1 \
      FL /home/yukiimai/Sandbox/2015_winter/carina/ipcore_dir/BRAM_INST.vhd \
      EN work/BRAM_INST 1444266631
FL /home/yukiimai/Sandbox/2015_winter/carina/p_type.vhd 2015/10/07.12:51:22 P.49d
PH work/p_type 1444266629 FL /home/yukiimai/Sandbox/2015_winter/carina/p_type.vhd \
      PB ieee/std_logic_1164 1354696159
PB work/p_type 1444266630 \
      FL /home/yukiimai/Sandbox/2015_winter/carina/p_type.vhd PH work/p_type 1444266629
